// Jest Snapshot v1, https://goo.gl/fbAQLP

exports[`renders correctly 1`] = `
<div
  className="App"
>
  <div
    className="LeftColumn"
  >
    <div
      className="Logo"
    >
      zoober
      <span
        className="x"
      >
        X
      </span>
    </div>
    <form
      className="Form"
    >
      <p>
        Right-click on the map to the right to auto-fill that location or type in the boxes below. Click "Request" and enjoy your ride.
      </p>
      <input
        name="latitude"
        placeholder="Your latitude"
        type="number"
        value={undefined}
      />
      <input
        name="longitude"
        placeholder="Your longitude"
        type="number"
        value={undefined}
      />
      <select
        defaultValue="direction"
        name="direction"
        value={undefined}
      >
        <option
          disabled={true}
          value="direction"
        >
          Where to?
        </option>
        <option
          value="Kenya"
        >
          Kenya
        </option>
        <option
          value="Tanzania"
        >
          Tanzania
        </option>
      </select>
      <input
        className="Submit"
        type="submit"
        value="Request"
      />
    </form>
  </div>
  <div
    className="Map"
  >
    <div
      style={
        Object {
          "height": "100%",
        }
      }
    >
      <div
        style={
          Object {
            "height": "100%",
          }
        }
      />
      <div />
    </div>
  </div>
</div>
`;
