// Jest Snapshot v1, https://goo.gl/fbAQLP

exports[`renders correctly 1`] = `
<div
  className="App"
>
  <div
    className="LeftColumn"
  >
    <div
      className="Logo"
    >
      zoober
      <span
        className="x"
      >
        X
      </span>
    </div>
    <form
      className="Form"
      onSubmit={[Function]}
    >
      <p>
        Right-click on the map to auto-fill that location or type in the boxes below. Click "Request" and enjoy your ride. You can move the mouse over each wildebeest to see its name.
      </p>
      <input
        id="latitude"
        name="latitude"
        onChange={[Function]}
        placeholder="Your latitude"
        step="0.01"
        type="number"
        value=""
      />
      <input
        id="longitude"
        name="longitude"
        onChange={[Function]}
        placeholder="Your longitude"
        step="0.01"
        type="number"
        value=""
      />
      <select
        id="direction"
        name="direction"
        onChange={[Function]}
        value="direction"
      >
        <option
          disabled={true}
          value="direction"
        >
          Where to?
        </option>
        <option
          value="Kenya"
        >
          Kenya
        </option>
        <option
          value="Tanzania"
        >
          Tanzania
        </option>
      </select>
      <input
        className="Submit"
        type="submit"
        value="Request"
      />
      
    </form>
  </div>
  <div
    className="Map"
  >
    <div
      style={
        Object {
          "height": "100%",
        }
      }
    >
      <div
        style={
          Object {
            "height": "100%",
          }
        }
      />
      <div />
    </div>
  </div>
</div>
`;
